# Player start location
#v 500.0 -6000.0 1000.0
#v 7130.0 900.0 -5700.0
v 5520.0 200.0 -5600.0
player -1 2.5

###############
# Rooms
###############

ambientLightIntensity 0.7
room killbox
mtllib quake.mtl
usemtl wall2
floor -6000.0
mtllib Droid.mtl
usemtl Droid.jpg
ceil 6000.0
mtllib drfreak.mtl
usemtl drfreak.jpg
wall -6370.0 -5770.0 -6000.0 6000.0
wall -6370.0 6370.0 -6000.0 6000.0
wall 7170.0 6370.0 -6000.0 6000.0
wall 7170.0 -5770.0 -6000.0 6000.0

###############
# Objects
###############

v 5520.0 300.0 -5000.0
obj weapon GrindCable.obj -1

v 5540.0 240.0 -3000.0
obj null cube.obj -1 

v 7070 -6000 -5700.0
obj null cube.obj -1 

v -6300 -6000 -5700.0
obj null cube.obj -1 

v 7070 -6000 6300.0
obj null cube.obj -1 

v -6300 -6000 6300.0
obj null cube.obj -1 

v 0 -6000 0
obj null cube.obj -1

v 100 -6000 0
obj null cube.obj -1

v 100 -6000 100
obj null cube.obj -1

v -500.0 -6000.0 -500
obj null DemonicEye2.obj -1
v 500.0 -6000.0 -500
obj null DemonicEye2.obj -1
v -500.0 -6000.0 500.0
obj null DemonicEye2.obj -1
v 500.0 -6000.0 500.0
obj null DemonicEye2.obj -1
v -2000.0 -6000.0 -2000.0
obj null drfreak.obj -1
v 2000.0 -6000.0 -2000.0
obj null drfreak.obj -1
v -2000.0 -6000.0 2000.0
obj null drfreak.obj -1
v 2000.0 -6000.0 2000.0
obj null drfreak.obj -1

v 800 1330 1830.0
obj healthPack_center_box health_pack.obj3d -1 1.60

#v 5000.0 -6000.0 2000.0
v 5500 300 2000.0
obj ammo_pack ammo_pack.obj -1 1.60

#usemtl circle_texels
#v 7170.0 6000.0 -5770.0
#v -6370.0 6000.0 -5770.0
#poster poster2 ceil -2 -1 12140.0 10.0

usemtl circle_texels
v -6300.0 -6000.0 6370.0
v -6300.0 -6000.0 -5770.0
poster circle1 wall -2 -1 12000.0 10.0

usemtl color_changing_tron_disk
v 5400.0 -6000.0 1500.0
v 4600.0 -6000.0 1500.0
poster elevator_bridge floor -2 -1 800.0 10.0

v 5000.0 -6000.0 2000.0
trigger trigger_elevator -1 400 2000

usemtl color_changing_tron_disk
v 200 -6000.0 1500.0
v -600 -6000.0 1500.0
poster elevator_center floor -2 -1 800.0 10.0

v -200.0 -6000.0 2000.0
trigger trigger_elevator -1 400 2400

#usemtl black_hole
#v 700.0 -1000.0 6320.0
#v -700.0 -1000.0 6320.0
#poster poster1 wall -2 -1 1400.0 10.0

# box <boxes_name> <BoxDef_name> <location_index> <scale>

BoxModel box_model_floating
usemtl texture_F
face up animate repeat 0
face down animate repeat 0
face north animate repeat 0
face south animate repeat 0
face east animate repeat 0
face west animate repeat 0
BoxModel box_model_floating end

BoxModel box_model_tron
usemtl tron_loop
face up animate repeat 1
face down animate repeat 0
face north animate stretch 8
face south animate stretch 4
face east animate repeat 10
face west animate repeat 10
BoxModel box_model_tron end

v 800 830.0 1830.0
box box_center box_model_tron -1 400

v 7000 730.0 -5590.0
box box_corner1 box_model_floating -1 170

v 7000 730.0 6200.0
box box_corner2 box_model_floating -1 170

v -6130 730.0 -5590.0
box box_corner3 box_model_floating -1 170

v -6130 730.0 6200.0
box box_corner4 box_model_floating -1 170

#v 5500.0 400.0 -5400.0
#box box1 box_model_tron -1 20
#v 5500.0 268.0 -5200.0
#box box2 box_model_tron -1 50
v 5800.0 100.0 -5200.0
box box3 box_model_floating -1 100
#v -3000.0 -3000.0 -3200.0
#box box4 box_model_tron -1 1000

# Test for the new boxBlock based on a stretched box
#v 5520 50 0
#boxBlock2 block_bridge box_model_floating -1 170 170 6800

v 5700 50 0
boxBlock block_bridge box_model_floating -1 170 1 1 40

v -5200 50 0
boxBlock block_bridge2 box_model_floating -1 170 1 1 40

v 0 5000 5000
boxBlock block_bridge3 box_model_floating -1 170 48 1 1

###############
# Lights
###############

v 400.0 200.0 100.0
pointlight -1 1.0 300.0

v 700.0 200.0 400.0
pointlight -1 0.5 1000.0

v 65.0 200.0 385.0
pointlight -1 1.0 100.0


