# Player start location
v 5500.0 200.0 -5600.0
player -1 2.5

###############
# Rooms
###############

ambientLightIntensity 0.7
room big_box
mtllib quake.mtl
usemtl wall2
floor -6000.0
mtllib Droid.mtl
usemtl Droid.jpg
ceil 6000.0
mtllib drfreak.mtl
usemtl drfreak.jpg
wall -6370.0 -5770.0 -6000.0 6000.0
wall -6370.0 6370.0 -6000.0 6000.0
wall 7170.0 6370.0 -6000.0 6000.0
wall 7170.0 -5770.0 -6000.0 6000.0

###############
# Objects
###############

v 5500.0 268.0 -5000.0
obj GrindCable GrindCable.obj -1

v 5500.0 200.0 -4000.0
obj scaredybot1 DemonicEye2.obj -1

usemtl circle_texels
v 7170.0 6000.0 -5770.0
v -6370.0 6000.0 -5770.0
poster poster2 ceil -2 -1 12140.0 10.0

v -6370.0 -6000.0 6370.0
v -6370.0 -6000.0 -5770.0
poster circle1 wall -2 -1 12000.0 10.0

usemtl triangle_tunnel
v 6000.0 -6000.0 -5770.0
v 5000.0 -6000.0 -5770.0
poster elevator1 floor -2 -1 1500.0 10.0

v 5470.0 -6000.0 -4770.0
trigger trigger_elevator -1 1000 3000 

v 340.0 -6000.0 1660.0
v 0.0 -6000.0 1660.0
poster elevator2 floor -2 -1 340.0 10.0

usemtl black_hole
v 700.0 -1000.0 6320.0
v -700.0 -1000.0 6320.0
poster poster1 wall -2 -1 1400.0 10.0

# box <boxes_name> <BoxDef_name> <location_index> <scale>

BoxModel box_model_floating
usemtl texture_F
face up animate repeat 0
face down animate repeat 0
face north animate repeat 0
face south animate repeat 0
face east animate repeat 0
face west animate repeat 0
BoxModel box_model_floating end

v 170 830.0 1830.0
box box_center box_model_floating -1 170

v 7000 730.0 -5590.0
box box_corner1 box_model_floating -1 170

v 7000 730.0 6200.0
box box_corner2 box_model_floating -1 170

BoxModel box_model1
usemtl rainbow
face up animate stretch 10
face down animate repeat 10
usemtl triangle_tunnel
face north animate stretch 5
face south animate repeat 20
usemtl black_hole
face east animate stretch 5
face west animate repeat 20
BoxModel box_model1 end

v 5500.0 400.0 -5400.0
box box1 box_model1 -1 20
v 5500.0 268.0 -5200.0
box box2 box_model1 -1 50
v 5800.0 100.0 -5200.0
box box3 box_model1 -1 100
v -3000.0 -3000.0 -3200.0
box box4 box_model1 -1 1000

v 5500 50 -5770
boxBlock block_bridge box_model_floating -1 170 1 1 37

###############
# Lights
###############

v 400.0 200.0 100.0
pointlight -1 1.0 300.0

v 700.0 200.0 400.0
pointlight -1 0.5 1000.0

v 65.0 200.0 385.0
pointlight -1 1.0 100.0


